Archive member included because of file (symbol)

c:/program files/stm32/cubemx/plugins/fr.ac6.mcu.externaltools.arm-none.win32_1.3.0.201507241045/tools/compiler/bin/../lib/gcc/arm-none-eabi/4.9.3/armv7e-m/fpu\libgcc.a(_arm_addsubdf3.o)
                              Application/User/gyro.o (__aeabi_dsub)
c:/program files/stm32/cubemx/plugins/fr.ac6.mcu.externaltools.arm-none.win32_1.3.0.201507241045/tools/compiler/bin/../lib/gcc/arm-none-eabi/4.9.3/armv7e-m/fpu\libgcc.a(_arm_muldivdf3.o)
                              Application/User/MAG_3110.o (__aeabi_dmul)
c:/program files/stm32/cubemx/plugins/fr.ac6.mcu.externaltools.arm-none.win32_1.3.0.201507241045/tools/compiler/bin/../lib/gcc/arm-none-eabi/4.9.3/armv7e-m/fpu\libgcc.a(_arm_fixdfsi.o)
                              Application/User/main.o (__aeabi_d2iz)
c:/program files/stm32/cubemx/plugins/fr.ac6.mcu.externaltools.arm-none.win32_1.3.0.201507241045/tools/compiler/bin/../lib/gcc/arm-none-eabi/4.9.3/../../../../arm-none-eabi/lib/armv7e-m/fpu\libc_nano.a(lib_a-exit.o)
                              c:/program files/stm32/cubemx/plugins/fr.ac6.mcu.externaltools.arm-none.win32_1.3.0.201507241045/tools/compiler/bin/../lib/gcc/arm-none-eabi/4.9.3/../../../../arm-none-eabi/lib/armv7e-m/fpu/crt0.o (exit)
c:/program files/stm32/cubemx/plugins/fr.ac6.mcu.externaltools.arm-none.win32_1.3.0.201507241045/tools/compiler/bin/../lib/gcc/arm-none-eabi/4.9.3/../../../../arm-none-eabi/lib/armv7e-m/fpu\libc_nano.a(lib_a-impure.o)
                              c:/program files/stm32/cubemx/plugins/fr.ac6.mcu.externaltools.arm-none.win32_1.3.0.201507241045/tools/compiler/bin/../lib/gcc/arm-none-eabi/4.9.3/../../../../arm-none-eabi/lib/armv7e-m/fpu\libc_nano.a(lib_a-exit.o) (_global_impure_ptr)
c:/program files/stm32/cubemx/plugins/fr.ac6.mcu.externaltools.arm-none.win32_1.3.0.201507241045/tools/compiler/bin/../lib/gcc/arm-none-eabi/4.9.3/../../../../arm-none-eabi/lib/armv7e-m/fpu\libc_nano.a(lib_a-init.o)
                              c:/program files/stm32/cubemx/plugins/fr.ac6.mcu.externaltools.arm-none.win32_1.3.0.201507241045/tools/compiler/bin/../lib/gcc/arm-none-eabi/4.9.3/../../../../arm-none-eabi/lib/armv7e-m/fpu/crt0.o (__libc_init_array)
c:/program files/stm32/cubemx/plugins/fr.ac6.mcu.externaltools.arm-none.win32_1.3.0.201507241045/tools/compiler/bin/../lib/gcc/arm-none-eabi/4.9.3/../../../../arm-none-eabi/lib/armv7e-m/fpu\libc_nano.a(lib_a-memset.o)
                              c:/program files/stm32/cubemx/plugins/fr.ac6.mcu.externaltools.arm-none.win32_1.3.0.201507241045/tools/compiler/bin/../lib/gcc/arm-none-eabi/4.9.3/../../../../arm-none-eabi/lib/armv7e-m/fpu/crt0.o (memset)
c:/program files/stm32/cubemx/plugins/fr.ac6.mcu.externaltools.arm-none.win32_1.3.0.201507241045/tools/compiler/bin/../lib/gcc/arm-none-eabi/4.9.3/../../../../arm-none-eabi/lib/armv7e-m/fpu\libc_nano.a(lib_a-sprintf.o)
                              Application/User/main.o (sprintf)
c:/program files/stm32/cubemx/plugins/fr.ac6.mcu.externaltools.arm-none.win32_1.3.0.201507241045/tools/compiler/bin/../lib/gcc/arm-none-eabi/4.9.3/../../../../arm-none-eabi/lib/armv7e-m/fpu\libc_nano.a(lib_a-strlen.o)
                              Application/User/main.o (strlen)
c:/program files/stm32/cubemx/plugins/fr.ac6.mcu.externaltools.arm-none.win32_1.3.0.201507241045/tools/compiler/bin/../lib/gcc/arm-none-eabi/4.9.3/../../../../arm-none-eabi/lib/armv7e-m/fpu\libc_nano.a(lib_a-nano-svfprintf.o)
                              c:/program files/stm32/cubemx/plugins/fr.ac6.mcu.externaltools.arm-none.win32_1.3.0.201507241045/tools/compiler/bin/../lib/gcc/arm-none-eabi/4.9.3/../../../../arm-none-eabi/lib/armv7e-m/fpu\libc_nano.a(lib_a-sprintf.o) (_svfprintf_r)
c:/program files/stm32/cubemx/plugins/fr.ac6.mcu.externaltools.arm-none.win32_1.3.0.201507241045/tools/compiler/bin/../lib/gcc/arm-none-eabi/4.9.3/../../../../arm-none-eabi/lib/armv7e-m/fpu\libc_nano.a(lib_a-nano-vfprintf_i.o)
                              c:/program files/stm32/cubemx/plugins/fr.ac6.mcu.externaltools.arm-none.win32_1.3.0.201507241045/tools/compiler/bin/../lib/gcc/arm-none-eabi/4.9.3/../../../../arm-none-eabi/lib/armv7e-m/fpu\libc_nano.a(lib_a-nano-svfprintf.o) (_printf_i)
c:/program files/stm32/cubemx/plugins/fr.ac6.mcu.externaltools.arm-none.win32_1.3.0.201507241045/tools/compiler/bin/../lib/gcc/arm-none-eabi/4.9.3/../../../../arm-none-eabi/lib/armv7e-m/fpu\libc_nano.a(lib_a-memchr.o)
                              c:/program files/stm32/cubemx/plugins/fr.ac6.mcu.externaltools.arm-none.win32_1.3.0.201507241045/tools/compiler/bin/../lib/gcc/arm-none-eabi/4.9.3/../../../../arm-none-eabi/lib/armv7e-m/fpu\libc_nano.a(lib_a-nano-svfprintf.o) (memchr)
c:/program files/stm32/cubemx/plugins/fr.ac6.mcu.externaltools.arm-none.win32_1.3.0.201507241045/tools/compiler/bin/../lib/gcc/arm-none-eabi/4.9.3/../../../../arm-none-eabi/lib/armv7e-m/fpu\libc_nano.a(lib_a-memcpy.o)
[...]
Memory Configuration

Name             Origin             Length             Attributes
FLASH            0x08000000         0x00100000         xr
RAM              0x20000000         0x00020000         xrw
CCMRAM           0x10000000         0x00010000         rw
*default*        0x00000000         0xffffffff

Linker script and memory map

LOAD c:/program files/stm32/cubemx/plugins/fr.ac6.mcu.externaltools.arm-none.win32_1.3.0.201507241045/tools/compiler/bin/../lib/gcc/arm-none-eabi/4.9.3/armv7e-m/fpu/crti.o
LOAD c:/program files/stm32/cubemx/plugins/fr.ac6.mcu.externaltools.arm-none.win32_1.3.0.201507241045/tools/compiler/bin/../lib/gcc/arm-none-eabi/4.9.3/armv7e-m/fpu/crtbegin.o
LOAD c:/program files/stm32/cubemx/plugins/fr.ac6.mcu.externaltools.arm-none.win32_1.3.0.201507241045/tools/compiler/bin/../lib/gcc/arm-none-eabi/4.9.3/../../../../arm-none-eabi/lib/armv7e-m/fpu/crt0.o
LOAD c:/program files/stm32/cubemx/plugins/fr.ac6.mcu.externaltools.arm-none.win32_1.3.0.201507241045/tools/compiler/bin/../lib/gcc/arm-none-eabi/4.9.3/../../../../arm-none-eabi/lib/armv7e-m/fpu\libm.a
LOAD Drivers/STM32F4xx_HAL_Driver/stm32f4xx_hal.o
LOAD Drivers/STM32F4xx_HAL_Driver/stm32f4xx_hal_cortex.o
LOAD Drivers/STM32F4xx_HAL_Driver/stm32f4xx_hal_dma.o
LOAD Drivers/STM32F4xx_HAL_Driver/stm32f4xx_hal_dma_ex.o
LOAD Drivers/STM32F4xx_HAL_Driver/stm32f4xx_hal_flash.o
LOAD Drivers/STM32F4xx_HAL_Driver/stm32f4xx_hal_flash_ex.o
LOAD Drivers/STM32F4xx_HAL_Driver/stm32f4xx_hal_flash_ramfunc.o
LOAD Drivers/STM32F4xx_HAL_Driver/stm32f4xx_hal_gpio.o
LOAD Drivers/STM32F4xx_HAL_Driver/stm32f4xx_hal_i2c.o
LOAD Drivers/STM32F4xx_HAL_Driver/stm32f4xx_hal_i2c_ex.o
LOAD Drivers/STM32F4xx_HAL_Driver/stm32f4xx_hal_pwr.o
LOAD Drivers/STM32F4xx_HAL_Driver/stm32f4xx_hal_pwr_ex.o
LOAD Drivers/STM32F4xx_HAL_Driver/stm32f4xx_hal_rcc.o
LOAD Drivers/STM32F4xx_HAL_Driver/stm32f4xx_hal_rcc_ex.o
LOAD Drivers/STM32F4xx_HAL_Driver/stm32f4xx_hal_uart.o
LOAD Drivers/CMSIS/system_stm32f4xx.o
LOAD Application/User/MAG_3110.o
LOAD Application/User/gpio.o
LOAD Application/User/gyro.o
LOAD Application/User/i2c.o
LOAD Application/User/main.o
LOAD Application/User/stm32f4xx_hal_msp.o
LOAD Application/User/stm32f4xx_it.o
LOAD Application/User/usart.o
LOAD Application/SW4STM32/startup_stm32f407xx.o
START GROUP
LOAD c:/program files/stm32/cubemx/plugins/fr.ac6.mcu.externaltools.arm-none.win32_1.3.0.201507241045/tools/compiler/bin/../lib/gcc/arm-none-eabi/4.9.3/armv7e-m/fpu\libgcc.a
LOAD c:/program files/stm32/cubemx/plugins/fr.ac6.mcu.externaltools.arm-none.win32_1.3.0.201507241045/tools/compiler/bin/../lib/gcc/arm-none-eabi/4.9.3/../../../../arm-none-eabi/lib/armv7e-m/fpu\libc_nano.a
END GROUP
START GROUP
LOAD c:/program files/stm32/cubemx/plugins/fr.ac6.mcu.externaltools.arm-none.win32_1.3.0.201507241045/tools/compiler/bin/../lib/gcc/arm-none-eabi/4.9.3/armv7e-m/fpu\libgcc.a
LOAD c:/program files/stm32/cubemx/plugins/fr.ac6.mcu.externaltools.arm-none.win32_1.3.0.201507241045/tools/compiler/bin/../lib/gcc/arm-none-eabi/4.9.3/../../../../arm-none-eabi/lib/armv7e-m/fpu\libc_nano.a
LOAD c:/program files/stm32/cubemx/plugins/fr.ac6.mcu.externaltools.arm-none.win32_1.3.0.201507241045/tools/compiler/bin/../lib/gcc/arm-none-eabi/4.9.3/../../../../arm-none-eabi/lib/armv7e-m/fpu\libnosys.a
END GROUP
START GROUP
LOAD c:/program files/stm32/cubemx/plugins/fr.ac6.mcu.externaltools.arm-none.win32_1.3.0.201507241045/tools/compiler/bin/../lib/gcc/arm-none-eabi/4.9.3/armv7e-m/fpu\libgcc.a
LOAD c:/program files/stm32/cubemx/plugins/fr.ac6.mcu.externaltools.arm-none.win32_1.3.0.201507241045/tools/compiler/bin/../lib/gcc/arm-none-eabi/4.9.3/../../../../arm-none-eabi/lib/armv7e-m/fpu\libc_nano.a
LOAD c:/program files/stm32/cubemx/plugins/fr.ac6.mcu.externaltools.arm-none.win32_1.3.0.201507241045/tools/compiler/bin/../lib/gcc/arm-none-eabi/4.9.3/../../../../arm-none-eabi/lib/armv7e-m/fpu\libnosys.a
END GROUP
LOAD c:/program files/stm32/cubemx/plugins/fr.ac6.mcu.externaltools.arm-none.win32_1.3.0.201507241045/tools/compiler/bin/../lib/gcc/arm-none-eabi/4.9.3/armv7e-m/fpu/crtend.o
LOAD c:/program files/stm32/cubemx/plugins/fr.ac6.mcu.externaltools.arm-none.win32_1.3.0.201507241045/tools/compiler/bin/../lib/gcc/arm-none-eabi/4.9.3/armv7e-m/fpu/crtn.o
                0x20020000                _estack = 0x20020000
                0x00000200                _Min_Heap_Size = 0x200
                0x00000400                _Min_Stack_Size = 0x400

.isr_vector     0x08000000      0x188
                0x08000000                . = ALIGN (0x4)
 *(.isr_vector)
 .isr_vector    0x08000000      0x188 Application/SW4STM32/startup_stm32f407xx.o
                0x08000000                g_pfnVectors
                0x08000188                . = ALIGN (0x4)

.text           0x08000188     0x3104
                0x08000188                . = ALIGN (0x4)
 *(.text)
 .text          0x08000188       0x5c c:/program files/stm32/cubemx/plugins/fr.ac6.mcu.externaltools.arm-none.win32_1.3.0.201507241045/tools/compiler/bin/../lib/gcc/arm-none-eabi/4.9.3/armv7e-m/fpu/crtbegin.o
 .text          0x080001e4      0x370 c:/program files/stm32/cubemx/plugins/fr.ac6.mcu.externaltools.arm-none.win32_1.3.0.201507241045/tools/compiler/bin/../lib/gcc/arm-none-eabi/4.9.3/armv7e-m/fpu\libgcc.a(_arm_addsubdf3.o)
                0x080001e4                __aeabi_drsub
                0x080001ec                __aeabi_dsub
                0x080001ec                __subdf3
                0x080001f0                __aeabi_dadd
                0x080001f0                __adddf3
                0x08000468                __floatunsidf
                0x08000468                __aeabi_ui2d
                0x08000488                __floatsidf
                0x08000488                __aeabi_i2d
                0x080004ac                __aeabi_f2d
                0x080004ac                __extendsfdf2
                0x080004e8                __floatundidf
                0x080004e8                __aeabi_ul2d
                0x080004f8                __floatdidf
                0x080004f8                __aeabi_l2d
 .text          0x08000554      0x424 c:/program files/stm32/cubemx/plugins/fr.ac6.mcu.externaltools.arm-none.win32_1.3.0.201507241045/tools/compiler/bin/../lib/gcc/arm-none-eabi/4.9.3/armv7e-m/fpu\libgcc.a(_arm_muldivdf3.o)
                0x08000554                __aeabi_dmul
                0x08000554                __muldf3
                0x080007a8                __divdf3
                0x080007a8                __aeabi_ddiv
 .text          0x08000978       0x50 c:/program files/stm32/cubemx/plugins/fr.ac6.mcu.externaltools.arm-none.win32_1.3.0.201507241045/tools/compiler/bin/../lib/gcc/arm-none-eabi/4.9.3/armv7e-m/fpu\libgcc.a(_arm_fixdfsi.o)
                0x08000978                __aeabi_d2iz
                0x08000978                __fixdfsi
 *(.text*)
 .text.HAL_InitTick
                0x080009c8       0x24 Drivers/STM32F4xx_HAL_Driver/stm32f4xx_hal.o
                0x080009c8                HAL_InitTick
 .text.HAL_Init
                0x080009ec       0x34 Drivers/STM32F4xx_HAL_Driver/stm32f4xx_hal.o
                0x080009ec                HAL_Init
 .text.HAL_IncTick
                0x08000a20       0x10 Drivers/STM32F4xx_HAL_Driver/stm32f4xx_hal.o
                0x08000a20                HAL_IncTick
 .text.HAL_GetTick
                0x08000a30        0xc Drivers/STM32F4xx_HAL_Driver/stm32f4xx_hal.o
                0x08000a30                HAL_GetTick
 .text.HAL_Delay
                0x08000a3c       0x1a Drivers/STM32F4xx_HAL_Driver/stm32f4xx_hal.o
                0x08000a3c                HAL_Delay
 *fill*         0x08000a56        0x2 
 .text.HAL_NVIC_SetPriorityGrouping
                0x08000a58       0x24 Drivers/STM32F4xx_HAL_Driver/stm32f4xx_hal_cortex.o
                0x08000a58                HAL_NVIC_SetPriorityGrouping
 .text.HAL_NVIC_SetPriority
                0x08000a7c       0x60 Drivers/STM32F4xx_HAL_Driver/stm32f4xx_hal_cortex.o
                0x08000a7c                HAL_NVIC_SetPriority
 .text.HAL_NVIC_EnableIRQ
                0x08000adc       0x18 Drivers/STM32F4xx_HAL_Driver/stm32f4xx_hal_cortex.o
                0x08000adc                HAL_NVIC_EnableIRQ
 .text.HAL_SYSTICK_Config
                0x08000af4       0x2c Drivers/STM32F4xx_HAL_Driver/stm32f4xx_hal_cortex.o
                0x08000af4                HAL_SYSTICK_Config
 .text.HAL_SYSTICK_CLKSourceConfig
                0x08000b20       0x18 Drivers/STM32F4xx_HAL_Driver/stm32f4xx_hal_cortex.o
                0x08000b20                HAL_SYSTICK_CLKSourceConfig
 .text.HAL_SYSTICK_Callback
                0x08000b38        0x2 Drivers/STM32F4xx_HAL_Driver/stm32f4xx_hal_cortex.o
                0x08000b38                HAL_SYSTICK_Callback
 .text.HAL_SYSTICK_IRQHandler
                0x08000b3a        0x8 Drivers/STM32F4xx_HAL_Driver/stm32f4xx_hal_cortex.o
                0x08000b3a                HAL_SYSTICK_IRQHandler
 *fill*         0x08000b42        0x2 
 .text.HAL_GPIO_Init
                0x08000b44      0x1c8 Drivers/STM32F4xx_HAL_Driver/stm32f4xx_hal_gpio.o
                0x08000b44                HAL_GPIO_Init
 .text.HAL_GPIO_TogglePin
                0x08000d0c        0x8 Drivers/STM32F4xx_HAL_Driver/stm32f4xx_hal_gpio.o
                0x08000d0c                HAL_GPIO_TogglePin
 .text.I2C_WaitOnMasterAddressFlagUntilTimeout
                0x08000d14       0x7e Drivers/STM32F4xx_HAL_Driver/stm32f4xx_hal_i2c.o
 .text.I2C_WaitOnFlagUntilTimeout
                0x08000d92       0x96 Drivers/STM32F4xx_HAL_Driver/stm32f4xx_hal_i2c.o
 .text.I2C_RequestMemoryWrite
                0x08000e28       0x94 Drivers/STM32F4xx_HAL_Driver/stm32f4xx_hal_i2c.o
 .text.I2C_RequestMemoryRead
                0x08000ebc       0xd8 Drivers/STM32F4xx_HAL_Driver/stm32f4xx_hal_i2c.o
 .text.HAL_I2C_Init
                0x08000f94       0xd8 Drivers/STM32F4xx_HAL_Driver/stm32f4xx_hal_i2c.o
                0x08000f94                HAL_I2C_Init
 .text.HAL_I2C_Mem_Write
                0x0800106c       0xe4 Drivers/STM32F4xx_HAL_Driver/stm32f4xx_hal_i2c.o
                0x0800106c                HAL_I2C_Mem_Write
 .text.HAL_I2C_Mem_Read
                0x08001150      0x1b4 Drivers/STM32F4xx_HAL_Driver/stm32f4xx_hal_i2c.o
                0x08001150                HAL_I2C_Mem_Read
 .text.HAL_I2C_IsDeviceReady
                0x08001304      0x118 Drivers/STM32F4xx_HAL_Driver/stm32f4xx_hal_i2c.o
                0x08001304                HAL_I2C_IsDeviceReady
 .text.HAL_RCC_OscConfig
                0x0800141c      0x310 Drivers/STM32F4xx_HAL_Driver/stm32f4xx_hal_rcc.o
                0x0800141c                HAL_RCC_OscConfig
 .text.HAL_RCC_ClockConfig
                0x0800172c      0x208 Drivers/STM32F4xx_HAL_Driver/stm32f4xx_hal_rcc.o
                0x0800172c                HAL_RCC_ClockConfig
 .text.HAL_RCC_GetSysClockFreq
                0x08001934       0x80 Drivers/STM32F4xx_HAL_Driver/stm32f4xx_hal_rcc.o
                0x08001934                HAL_RCC_GetSysClockFreq
 .text.HAL_RCC_GetHCLKFreq
                0x080019b4       0x34 Drivers/STM32F4xx_HAL_Driver/stm32f4xx_hal_rcc.o
                0x080019b4                HAL_RCC_GetHCLKFreq
 .text.HAL_RCC_GetPCLK1Freq
                0x080019e8       0x2c Drivers/STM32F4xx_HAL_Driver/stm32f4xx_hal_rcc.o
                0x080019e8                HAL_RCC_GetPCLK1Freq
 .text.HAL_RCC_GetPCLK2Freq
                0x08001a14       0x2c Drivers/STM32F4xx_HAL_Driver/stm32f4xx_hal_rcc.o
                0x08001a14                HAL_RCC_GetPCLK2Freq
 .text.UART_SetConfig
                0x08001a40      0x148 Drivers/STM32F4xx_HAL_Driver/stm32f4xx_hal_uart.o
 .text.UART_WaitOnFlagUntilTimeout.constprop.0
                0x08001b88       0x60 Drivers/STM32F4xx_HAL_Driver/stm32f4xx_hal_uart.o
 .text.HAL_UART_Init
                0x08001be8       0x58 Drivers/STM32F4xx_HAL_Driver/stm32f4xx_hal_uart.o
                0x08001be8                HAL_UART_Init
 .text.HAL_UART_Transmit
                0x08001c40       0xb8 Drivers/STM32F4xx_HAL_Driver/stm32f4xx_hal_uart.o
                0x08001c40                HAL_UART_Transmit
 .text.HAL_UART_TxCpltCallback
                0x08001cf8        0x2 Drivers/STM32F4xx_HAL_Driver/stm32f4xx_hal_uart.o
                0x08001cf8                HAL_UART_TxCpltCallback
 .text.HAL_UART_RxCpltCallback
                0x08001cfa        0x2 Drivers/STM32F4xx_HAL_Driver/stm32f4xx_hal_uart.o
                0x08001cfa                HAL_UART_RxCpltCallback
 .text.HAL_UART_ErrorCallback
                0x08001cfc        0x2 Drivers/STM32F4xx_HAL_Driver/stm32f4xx_hal_uart.o
                0x08001cfc                HAL_UART_ErrorCallback
 .text.HAL_UART_IRQHandler
                0x08001cfe      0x1b8 Drivers/STM32F4xx_HAL_Driver/stm32f4xx_hal_uart.o
                0x08001cfe                HAL_UART_IRQHandler
 *fill*         0x08001eb6        0x2 
 .text.SystemInit
                0x08001eb8       0x4c Drivers/CMSIS/system_stm32f4xx.o
                0x08001eb8                SystemInit
 .text.MX_GPIO_Init
                0x08001f04      0x1c8 Application/User/gpio.o
                0x08001f04                MX_GPIO_Init
 .text.gyro_get_gyro_vector
                0x080020cc       0xc6 Application/User/gyro.o
                0x080020cc                gyro_get_gyro_vector
 *fill*         0x08002192        0x2 
 .text.gyro_get_angular_velocity
                0x08002194       0x4c Application/User/gyro.o
                0x08002194                gyro_get_angular_velocity
 .text.gyro_change_measurement_range
                0x080021e0       0x4c Application/User/gyro.o
                0x080021e0                gyro_change_measurement_range
 .text.gyro_set_configuration
                0x0800222c       0xd4 Application/User/gyro.o
                0x0800222c                gyro_set_configuration
 .text.gyro_init
                0x08002300       0xf0 Application/User/gyro.o
                0x08002300                gyro_init
 .text.gyro_get_calibration_data
                0x080023f0       0xa0 Application/User/gyro.o
                0x080023f0                gyro_get_calibration_data
 .text.gyro_get_scale_offset_mis_cal
                0x08002490      0x102 Application/User/gyro.o
                0x08002490                gyro_get_scale_offset_mis_cal
 *fill*         0x08002592        0x2 
 .text.MX_I2C1_Init
                0x08002594       0x30 Application/User/i2c.o
                0x08002594                MX_I2C1_Init
 .text.HAL_I2C_MspInit
                0x080025c4       0x50 Application/User/i2c.o
                0x080025c4                HAL_I2C_MspInit
 .text.SystemClock_Config
                0x08002614       0x94 Application/User/main.o
                0x08002614                SystemClock_Config
 .text.startup.main
                0x080026a8      0x214 Application/User/main.o
                0x080026a8                main
 .text.HAL_MspInit
                0x080028bc       0x18 Application/User/stm32f4xx_hal_msp.o
                0x080028bc                HAL_MspInit
 .text.SysTick_Handler
                0x080028d4        0xe Application/User/stm32f4xx_it.o
                0x080028d4                SysTick_Handler
 *fill*         0x080028e2        0x2 
 .text.USART2_IRQHandler
                0x080028e4        0xc Application/User/stm32f4xx_it.o
                0x080028e4                USART2_IRQHandler
 .text.MX_USART2_UART_Init
                0x080028f0       0x30 Application/User/usart.o
                0x080028f0                MX_USART2_UART_Init
 .text.HAL_UART_MspInit
                0x08002920       0x5c Application/User/usart.o
                0x08002920                HAL_UART_MspInit
 .text.Reset_Handler
                0x0800297c       0x50 Application/SW4STM32/startup_stm32f407xx.o
                0x0800297c                Reset_Handler
 .text.Default_Handler
                0x080029cc        0x2 Application/SW4STM32/startup_stm32f407xx.o
                0x080029cc                RTC_Alarm_IRQHandler
                0x080029cc                HASH_RNG_IRQHandler
                0x080029cc                EXTI2_IRQHandler
                0x080029cc                TIM8_CC_IRQHandler
                0x080029cc                DebugMon_Handler
                0x080029cc                TIM1_CC_IRQHandler
                0x080029cc                DMA2_Stream5_IRQHandler
                0x080029cc                HardFault_Handler
                0x080029cc                DMA1_Stream5_IRQHandler
                0x080029cc                PVD_IRQHandler
                0x080029cc                SDIO_IRQHandler
                0x080029cc                TAMP_STAMP_IRQHandler
                0x080029cc                PendSV_Handler
                0x080029cc                NMI_Handler
                0x080029cc                CAN2_RX1_IRQHandler
                0x080029cc                EXTI3_IRQHandler
                0x080029cc                TIM8_TRG_COM_TIM14_IRQHandler
                0x080029cc                TIM1_UP_TIM10_IRQHandler
                0x080029cc                TIM8_UP_TIM13_IRQHandler
                0x080029cc                I2C3_ER_IRQHandler
                0x080029cc                EXTI0_IRQHandler
                0x080029cc                I2C2_EV_IRQHandler
                0x080029cc                DMA1_Stream2_IRQHandler
                0x080029cc                CAN1_RX0_IRQHandler
                0x080029cc                FPU_IRQHandler
                0x080029cc                OTG_HS_WKUP_IRQHandler
                0x080029cc                UsageFault_Handler
                0x080029cc                CAN2_SCE_IRQHandler
                0x080029cc                DMA2_Stream2_IRQHandler
                0x080029cc                SPI1_IRQHandler
                0x080029cc                TIM6_DAC_IRQHandler
                0x080029cc                TIM1_BRK_TIM9_IRQHandler
                0x080029cc                DCMI_IRQHandler
                0x080029cc                CAN2_RX0_IRQHandler
                0x080029cc                DMA2_Stream3_IRQHandler
                0x080029cc                USART6_IRQHandler
                0x080029cc                USART3_IRQHandler
                0x080029cc                CAN1_RX1_IRQHandler
                0x080029cc                UART5_IRQHandler
                0x080029cc                DMA2_Stream0_IRQHandler
                0x080029cc                TIM4_IRQHandler
                0x080029cc                I2C1_EV_IRQHandler
                0x080029cc                DMA1_Stream6_IRQHandler
                0x080029cc                DMA1_Stream1_IRQHandler
                0x080029cc                UART4_IRQHandler
                0x080029cc                TIM3_IRQHandler
                0x080029cc                RCC_IRQHandler
                0x080029cc                TIM8_BRK_TIM12_IRQHandler
                0x080029cc                Default_Handler
                0x080029cc                EXTI15_10_IRQHandler
                0x080029cc                ADC_IRQHandler
                0x080029cc                DMA1_Stream7_IRQHandler
                0x080029cc                TIM7_IRQHandler
                0x080029cc                CAN2_TX_IRQHandler
                0x080029cc                TIM5_IRQHandler
                0x080029cc                DMA2_Stream7_IRQHandler
                0x080029cc                I2C3_EV_IRQHandler
                0x080029cc                EXTI9_5_IRQHandler
                0x080029cc                RTC_WKUP_IRQHandler
                0x080029cc                ETH_WKUP_IRQHandler
                0x080029cc                SPI2_IRQHandler
                0x080029cc                OTG_HS_EP1_IN_IRQHandler
                0x080029cc                MemManage_Handler
                0x080029cc                DMA1_Stream0_IRQHandler
                0x080029cc                CAN1_TX_IRQHandler
                0x080029cc                SVC_Handler
                0x080029cc                EXTI4_IRQHandler
                0x080029cc                FSMC_IRQHandler
                0x080029cc                ETH_IRQHandler
                0x080029cc                OTG_HS_EP1_OUT_IRQHandler
                0x080029cc                WWDG_IRQHandler
                0x080029cc                TIM2_IRQHandler
                0x080029cc                OTG_FS_WKUP_IRQHandler
                0x080029cc                TIM1_TRG_COM_TIM11_IRQHandler
                0x080029cc                OTG_HS_IRQHandler
                0x080029cc                EXTI1_IRQHandler
                0x080029cc                I2C2_ER_IRQHandler
                0x080029cc                DMA2_Stream1_IRQHandler
                0x080029cc                CAN1_SCE_IRQHandler
                0x080029cc                FLASH_IRQHandler
                0x080029cc                DMA2_Stream4_IRQHandler
                0x080029cc                BusFault_Handler
                0x080029cc                USART1_IRQHandler
                0x080029cc                OTG_FS_IRQHandler
                0x080029cc                SPI3_IRQHandler
                0x080029cc                DMA1_Stream4_IRQHandler
                0x080029cc                I2C1_ER_IRQHandler
                0x080029cc                DMA2_Stream6_IRQHandler
                0x080029cc                DMA1_Stream3_IRQHandler
 *fill*         0x080029ce        0x2 
 .text.__libc_init_array
                0x080029d0       0x4c c:/program files/stm32/cubemx/plugins/fr.ac6.mcu.externaltools.arm-none.win32_1.3.0.201507241045/tools/compiler/bin/../lib/gcc/arm-none-eabi/4.9.3/../../../../arm-none-eabi/lib/armv7e-m/fpu\libc_nano.a(lib_a-init.o)
                0x080029d0                __libc_init_array
 .text.sprintf  0x08002a1c       0x48 c:/program files/stm32/cubemx/plugins/fr.ac6.mcu.externaltools.arm-none.win32_1.3.0.201507241045/tools/compiler/bin/../lib/gcc/arm-none-eabi/4.9.3/../../../../arm-none-eabi/lib/armv7e-m/fpu\libc_nano.a(lib_a-sprintf.o)
                0x08002a1c                siprintf
                0x08002a1c                sprintf
 .text.strlen   0x08002a64       0x10 c:/program files/stm32/cubemx/plugins/fr.ac6.mcu.externaltools.arm-none.win32_1.3.0.201507241045/tools/compiler/bin/../lib/gcc/arm-none-eabi/4.9.3/../../../../arm-none-eabi/lib/armv7e-m/fpu\libc_nano.a(lib_a-strlen.o)
                0x08002a64                strlen
 .text.__ssputs_r
                0x08002a74       0xb2 c:/program files/stm32/cubemx/plugins/fr.ac6.mcu.externaltools.arm-none.win32_1.3.0.201507241045/tools/compiler/bin/../lib/gcc/arm-none-eabi/4.9.3/../../../../arm-none-eabi/lib/armv7e-m/fpu\libc_nano.a(lib_a-nano-svfprintf.o)
                0x08002a74                __ssputs_r
 *fill*         0x08002b26        0x2 
 .text._svfprintf_r
                0x08002b28      0x1e4 c:/program files/stm32/cubemx/plugins/fr.ac6.mcu.externaltools.arm-none.win32_1.3.0.201507241045/tools/compiler/bin/../lib/gcc/arm-none-eabi/4.9.3/../../../../arm-none-eabi/lib/armv7e-m/fpu\libc_nano.a(lib_a-nano-svfprintf.o)
                0x08002b28                _svfiprintf_r
                0x08002b28                _svfprintf_r
 .text._printf_common
                0x08002d0c       0xea c:/program files/stm32/cubemx/plugins/fr.ac6.mcu.externaltools.arm-none.win32_1.3.0.201507241045/tools/compiler/bin/../lib/gcc/arm-none-eabi/4.9.3/../../../../arm-none-eabi/lib/armv7e-m/fpu\libc_nano.a(lib_a-nano-vfprintf_i.o)
                0x08002d0c                _printf_common
 *fill*         0x08002df6        0x2 
 .text._printf_i
                0x08002df8      0x240 c:/program files/stm32/cubemx/plugins/fr.ac6.mcu.externaltools.arm-none.win32_1.3.0.201507241045/tools/compiler/bin/../lib/gcc/arm-none-eabi/4.9.3/../../../../arm-none-eabi/lib/armv7e-m/fpu\libc_nano.a(lib_a-nano-vfprintf_i.o)
                0x08002df8                _printf_i
 .text.memchr   0x08003038       0x1e c:/program files/stm32/cubemx/plugins/fr.ac6.mcu.externaltools.arm-none.win32_1.3.0.201507241045/tools/compiler/bin/../lib/gcc/arm-none-eabi/4.9.3/../../../../arm-none-eabi/lib/armv7e-m/fpu\libc_nano.a(lib_a-memchr.o)
                0x08003038                memchr
 .text.memcpy   0x08003056       0x16 c:/program files/stm32/cubemx/plugins/fr.ac6.mcu.externaltools.arm-none.win32_1.3.0.201507241045/tools/compiler/bin/../lib/gcc/arm-none-eabi/4.9.3/../../../../arm-none-eabi/lib/armv7e-m/fpu\libc_nano.a(lib_a-memcpy.o)
                0x08003056                memcpy
 .text.memmove  0x0800306c       0x36 c:/program files/stm32/cubemx/plugins/fr.ac6.mcu.externaltools.arm-none.win32_1.3.0.201507241045/tools/compiler/bin/../lib/gcc/arm-none-eabi/4.9.3/../../../../arm-none-eabi/lib/armv7e-m/fpu\libc_nano.a(lib_a-memmove.o)
                0x0800306c                memmove
 *fill*         0x080030a2        0x2 
 .text._free_r  0x080030a4       0x88 c:/program files/stm32/cubemx/plugins/fr.ac6.mcu.externaltools.arm-none.win32_1.3.0.201507241045/tools/compiler/bin/../lib/gcc/arm-none-eabi/4.9.3/../../../../arm-none-eabi/lib/armv7e-m/fpu\libc_nano.a(lib_a-nano-freer.o)
                0x080030a4                _free_r
 .text._malloc_r
                0x0800312c       0xac c:/program files/stm32/cubemx/plugins/fr.ac6.mcu.externaltools.arm-none.win32_1.3.0.201507241045/tools/compiler/bin/../lib/gcc/arm-none-eabi/4.9.3/../../../../arm-none-eabi/lib/armv7e-m/fpu\libc_nano.a(lib_a-nano-mallocr.o)
                0x0800312c                _malloc_r
 .text._realloc_r
                0x080031d8       0x4c c:/program files/stm32/cubemx/plugins/fr.ac6.mcu.externaltools.arm-none.win32_1.3.0.201507241045/tools/compiler/bin/../lib/gcc/arm-none-eabi/4.9.3/../../../../arm-none-eabi/lib/armv7e-m/fpu\libc_nano.a(lib_a-nano-reallocr.o)
                0x080031d8                _realloc_r
 .text._sbrk_r  0x08003224       0x20 c:/program files/stm32/cubemx/plugins/fr.ac6.mcu.externaltools.arm-none.win32_1.3.0.201507241045/tools/compiler/bin/../lib/gcc/arm-none-eabi/4.9.3/../../../../arm-none-eabi/lib/armv7e-m/fpu\libc_nano.a(lib_a-sbrkr.o)
                0x08003224                _sbrk_r
 .text._malloc_usable_size_r
                0x08003244       0x14 c:/program files/stm32/cubemx/plugins/fr.ac6.mcu.externaltools.arm-none.win32_1.3.0.201507241045/tools/compiler/bin/../lib/gcc/arm-none-eabi/4.9.3/../../../../arm-none-eabi/lib/armv7e-m/fpu\libc_nano.a(lib_a-nano-msizer.o)
                0x08003244                _malloc_usable_size_r
 .text._sbrk    0x08003258       0x1c c:/program files/stm32/cubemx/plugins/fr.ac6.mcu.externaltools.arm-none.win32_1.3.0.201507241045/tools/compiler/bin/../lib/gcc/arm-none-eabi/4.9.3/../../../../arm-none-eabi/lib/armv7e-m/fpu\libnosys.a(sbrk.o)
                0x08003258                _sbrk
 *(.glue_7)
 .glue_7        0x00000000        0x0 linker stubs
 *(.glue_7t)
 .glue_7t       0x00000000        0x0 linker stubs
 *(.eh_frame)
 .eh_frame      0x08003274        0x0 c:/program files/stm32/cubemx/plugins/fr.ac6.mcu.externaltools.arm-none.win32_1.3.0.201507241045/tools/compiler/bin/../lib/gcc/arm-none-eabi/4.9.3/armv7e-m/fpu/crtbegin.o
 *(.init)
 .init          0x08003274        0x4 c:/program files/stm32/cubemx/plugins/fr.ac6.mcu.externaltools.arm-none.win32_1.3.0.201507241045/tools/compiler/bin/../lib/gcc/arm-none-eabi/4.9.3/armv7e-m/fpu/crti.o
                0x08003274                _init
 .init          0x08003278        0x8 c:/program files/stm32/cubemx/plugins/fr.ac6.mcu.externaltools.arm-none.win32_1.3.0.201507241045/tools/compiler/bin/../lib/gcc/arm-none-eabi/4.9.3/armv7e-m/fpu/crtn.o
 *(.fini)
 .fini          0x08003280        0x4 c:/program files/stm32/cubemx/plugins/fr.ac6.mcu.externaltools.arm-none.win32_1.3.0.201507241045/tools/compiler/bin/../lib/gcc/arm-none-eabi/4.9.3/armv7e-m/fpu/crti.o
                0x08003280                _fini
 .fini          0x08003284        0x8 c:/program files/stm32/cubemx/plugins/fr.ac6.mcu.externaltools.arm-none.win32_1.3.0.201507241045/tools/compiler/bin/../lib/gcc/arm-none-eabi/4.9.3/armv7e-m/fpu/crtn.o
                0x0800328c                . = ALIGN (0x4)
                0x0800328c                _etext = .

.vfp11_veneer   0x0800328c        0x0
 .vfp11_veneer  0x00000000        0x0 linker stubs

.v4_bx          0x0800328c        0x0
 .v4_bx         0x00000000        0x0 linker stubs

.iplt           0x0800328c        0x0
 .iplt          0x00000000        0x0 c:/program files/stm32/cubemx/plugins/fr.ac6.mcu.externaltools.arm-none.win32_1.3.0.201507241045/tools/compiler/bin/../lib/gcc/arm-none-eabi/4.9.3/armv7e-m/fpu/crtbegin.o

.rodata         0x08003290      0x7e0
                0x08003290                . = ALIGN (0x4)
 *(.rodata)
 .rodata        0x08003290       0x10 Drivers/STM32F4xx_HAL_Driver/stm32f4xx_hal_rcc.o
                0x08003290                APBAHBPrescTable
 .rodata        0x080032a0      0x790 Application/User/gyro.o
                0x080032f0                CALIBRATION_GYRO_offset_scale
                0x080037f0                CALIBRATION_GYRO_misalignment
 *(.rodata*)
 .rodata.str1.1
                0x08003a30        0x9 Application/User/main.o
 .rodata.str1.1
                0x08003a39        0x2 c:/program files/stm32/cubemx/plugins/fr.ac6.mcu.externaltools.arm-none.win32_1.3.0.201507241045/tools/compiler/bin/../lib/gcc/arm-none-eabi/4.9.3/../../../../arm-none-eabi/lib/armv7e-m/fpu\libc_nano.a(lib_a-impure.o)
 .rodata.str1.1
                0x08003a3b       0x11 c:/program files/stm32/cubemx/plugins/fr.ac6.mcu.externaltools.arm-none.win32_1.3.0.201507241045/tools/compiler/bin/../lib/gcc/arm-none-eabi/4.9.3/../../../../arm-none-eabi/lib/armv7e-m/fpu\libc_nano.a(lib_a-nano-svfprintf.o)
 .rodata.str1.1
                0x08003a4c       0x22 c:/program files/stm32/cubemx/plugins/fr.ac6.mcu.externaltools.arm-none.win32_1.3.0.201507241045/tools/compiler/bin/../lib/gcc/arm-none-eabi/4.9.3/../../../../arm-none-eabi/lib/armv7e-m/fpu\libc_nano.a(lib_a-nano-vfprintf_i.o)
                0x08003a70                . = ALIGN (0x4)
 *fill*         0x08003a6e        0x2 

.rel.dyn        0x08003a70        0x0
 .rel.iplt      0x00000000        0x0 c:/program files/stm32/cubemx/plugins/fr.ac6.mcu.externaltools.arm-none.win32_1.3.0.201507241045/tools/compiler/bin/../lib/gcc/arm-none-eabi/4.9.3/armv7e-m/fpu/crtbegin.o

.ARM.extab
 *(.ARM.extab* .gnu.linkonce.armextab.*)

.ARM            0x08003a70        0x0
                0x08003a70                __exidx_start = .
 *(.ARM.exidx*)
                0x08003a70                __exidx_end = .

.preinit_array  0x08003a70        0x0
                0x08003a70                PROVIDE (__preinit_array_start, .)
 *(.preinit_array*)
                0x08003a70                PROVIDE (__preinit_array_end, .)

.init_array     0x08003a70        0x4
                0x08003a70                PROVIDE (__init_array_start, .)
 *(SORT(.init_array.*))
 *(.init_array*)
 .init_array    0x08003a70        0x4 c:/program files/stm32/cubemx/plugins/fr.ac6.mcu.externaltools.arm-none.win32_1.3.0.201507241045/tools/compiler/bin/../lib/gcc/arm-none-eabi/4.9.3/armv7e-m/fpu/crtbegin.o
                0x08003a74                PROVIDE (__init_array_end, .)

.fini_array     0x08003a74        0x4
                0x08003a74                PROVIDE (__fini_array_start, .)
 *(SORT(.fini_array.*))
 *(.fini_array*)
 .fini_array    0x08003a74        0x4 c:/program files/stm32/cubemx/plugins/fr.ac6.mcu.externaltools.arm-none.win32_1.3.0.201507241045/tools/compiler/bin/../lib/gcc/arm-none-eabi/4.9.3/armv7e-m/fpu/crtbegin.o
                0x08003a78                PROVIDE (__fini_array_end, .)
                0x08003a78                _sidata = LOADADDR (.data)

.data           0x20000000       0x6c load address 0x08003a78
                0x20000000                . = ALIGN (0x4)
                0x20000000                _sdata = .
 *(.data)
 .data          0x20000000        0x4 Drivers/CMSIS/system_stm32f4xx.o
                0x20000000                SystemCoreClock
 .data          0x20000004        0x2 Application/User/main.o
                0x20000004                range
                0x20000005                adresse_magnetometer
 *(.data*)
 *fill*         0x20000006        0x2 
 .data.impure_data
                0x20000008       0x60 c:/program files/stm32/cubemx/plugins/fr.ac6.mcu.externaltools.arm-none.win32_1.3.0.201507241045/tools/compiler/bin/../lib/gcc/arm-none-eabi/4.9.3/../../../../arm-none-eabi/lib/armv7e-m/fpu\libc_nano.a(lib_a-impure.o)
 .data._impure_ptr
                0x20000068        0x4 c:/program files/stm32/cubemx/plugins/fr.ac6.mcu.externaltools.arm-none.win32_1.3.0.201507241045/tools/compiler/bin/../lib/gcc/arm-none-eabi/4.9.3/../../../../arm-none-eabi/lib/armv7e-m/fpu\libc_nano.a(lib_a-impure.o)
                0x20000068                _impure_ptr
                0x2000006c                . = ALIGN (0x4)
                0x2000006c                _edata = .
                0x08003ae4                _siccmram = LOADADDR (.ccmram)

.jcr            0x2000006c        0x0 load address 0x08003ae4
 .jcr           0x2000006c        0x0 c:/program files/stm32/cubemx/plugins/fr.ac6.mcu.externaltools.arm-none.win32_1.3.0.201507241045/tools/compiler/bin/../lib/gcc/arm-none-eabi/4.9.3/armv7e-m/fpu/crtbegin.o

.igot.plt       0x2000006c        0x0 load address 0x08003ae4
 .igot.plt      0x00000000        0x0 c:/program files/stm32/cubemx/plugins/fr.ac6.mcu.externaltools.arm-none.win32_1.3.0.201507241045/tools/compiler/bin/../lib/gcc/arm-none-eabi/4.9.3/armv7e-m/fpu/crtbegin.o

.ccmram         0x10000000        0x0 load address 0x08003ae4
                0x10000000                . = ALIGN (0x4)
                0x10000000                _sccmram = .
 *(.ccmram)
 *(.ccmram*)
                0x10000000                . = ALIGN (0x4)
                0x10000000                _eccmram = .
                0x10000000                . = ALIGN (0x4)

.bss            0x20000070      0x19c
                0x20000070                _sbss = .
                0x20000070                __bss_start__ = _sbss
 *(.bss)
 .bss           0x20000070       0x1c c:/program files/stm32/cubemx/plugins/fr.ac6.mcu.externaltools.arm-none.win32_1.3.0.201507241045/tools/compiler/bin/../lib/gcc/arm-none-eabi/4.9.3/armv7e-m/fpu/crtbegin.o
 .bss           0x2000008c        0x4 Drivers/STM32F4xx_HAL_Driver/stm32f4xx_hal.o
 .bss           0x20000090        0xc Application/User/main.o
                0x20000090                last_x_value
                0x20000094                last_y_value
                0x20000098                status_gyro
 *(.bss*)
 .bss.__malloc_sbrk_start
                0x2000009c        0x4 c:/program files/stm32/cubemx/plugins/fr.ac6.mcu.externaltools.arm-none.win32_1.3.0.201507241045/tools/compiler/bin/../lib/gcc/arm-none-eabi/4.9.3/../../../../arm-none-eabi/lib/armv7e-m/fpu\libc_nano.a(lib_a-nano-mallocr.o)
                0x2000009c                __malloc_sbrk_start
 .bss.__malloc_free_list
                0x200000a0        0x4 c:/program files/stm32/cubemx/plugins/fr.ac6.mcu.externaltools.arm-none.win32_1.3.0.201507241045/tools/compiler/bin/../lib/gcc/arm-none-eabi/4.9.3/../../../../arm-none-eabi/lib/armv7e-m/fpu\libc_nano.a(lib_a-nano-mallocr.o)
                0x200000a0                __malloc_free_list
 .bss.heap_end.4079
                0x200000a4        0x4 c:/program files/stm32/cubemx/plugins/fr.ac6.mcu.externaltools.arm-none.win32_1.3.0.201507241045/tools/compiler/bin/../lib/gcc/arm-none-eabi/4.9.3/../../../../arm-none-eabi/lib/armv7e-m/fpu\libnosys.a(sbrk.o)
 *(COMMON)
 COMMON         0x200000a8       0x3c Application/User/i2c.o
                0x200000a8                hi2c1
 *fill*         0x200000e4        0x4 
 COMMON         0x200000e8       0xe0 Application/User/main.o
                0x200000e8                back
                0x200000ea                yout
                0x200000ec                change_range_yes_no
                0x200000f0                maximum_velocity
                0x200000f4                y_output
                0x200000f8                x_calibrated_full
                0x20000100                zouts
                0x20000102                xouts
                0x20000104                sentadress
                0x20000106                tempout
                0x20000108                x_output
                0x2000010c                z_output
                0x20000110                buffer
                0x20000174                range_t
                0x20000178                z_calibrated_full
                0x20000180                xout
                0x20000182                data
                0x20000188                y_calibrated_full
                0x20000190                x_velocity
                0x20000198                y_velocity_int
                0x200001a0                z_velocity
                0x200001a8                y_velocity
                0x200001b0                youts
                0x200001b4                x_Ausgabe_global
                0x200001b8                zout
                0x200001bc                len
                0x200001c0                x_velocity_int
                0x200001c4                Status_magnetometer
 COMMON         0x200001c8       0x40 Application/User/usart.o
                0x200001c8                huart2
 COMMON         0x20000208        0x4 c:/program files/stm32/cubemx/plugins/fr.ac6.mcu.externaltools.arm-none.win32_1.3.0.201507241045/tools/compiler/bin/../lib/gcc/arm-none-eabi/4.9.3/../../../../arm-none-eabi/lib/armv7e-m/fpu\libc_nano.a(lib_a-reent.o)
                0x20000208                errno
                0x2000020c                . = ALIGN (0x4)
                0x2000020c                _ebss = .
                0x2000020c                __bss_end__ = _ebss

._user_heap_stack
                0x2000020c      0x604
                0x20000210                . = ALIGN (0x8)
 *fill*         0x2000020c        0x4 
                0x20000210                PROVIDE (end, .)
                0x20000210                PROVIDE (_end, .)
                0x20000410                . = (. + _Min_Heap_Size)
 *fill*         0x20000210      0x200 
                0x20000810                . = (. + _Min_Stack_Size)
 *fill*         0x20000410      0x400 
                0x20000810                . = ALIGN (0x8)

/DISCARD/
 libc.a(*)
 libm.a(*)
 libgcc.a(*)

.ARM.attributes
                0x00000000       0x30
 *(.ARM.attributes)
 .ARM.attributes
                0x00000000       0x22 c:/program files/stm32/cubemx/plugins/fr.ac6.mcu.externaltools.arm-none.win32_1.3.0.201507241045/tools/compiler/bin/../lib/gcc/arm-none-eabi/4.9.3/armv7e-m/fpu/crti.o
 .ARM.attributes
                0x00000022       0x34 c:/program files/stm32/cubemx/plugins/fr.ac6.mcu.externaltools.arm-none.win32_1.3.0.201507241045/tools/compiler/bin/../lib/gcc/arm-none-eabi/4.9.3/armv7e-m/fpu/crtbegin.o
 .ARM.attributes
                0x00000056       0x39 Drivers/STM32F4xx_HAL_Driver/stm32f4xx_hal.o
 .ARM.attributes
                0x0000008f       0x39 Drivers/STM32F4xx_HAL_Driver/stm32f4xx_hal_cortex.o
 .ARM.attributes
                0x000000c8       0x39 Drivers/STM32F4xx_HAL_Driver/stm32f4xx_hal_gpio.o
 .ARM.attributes
                0x00000101       0x39 Drivers/STM32F4xx_HAL_Driver/stm32f4xx_hal_i2c.o
 .ARM.attributes
                0x0000013a       0x39 Drivers/STM32F4xx_HAL_Driver/stm32f4xx_hal_rcc.o
 .ARM.attributes
                0x00000173       0x39 Drivers/STM32F4xx_HAL_Driver/stm32f4xx_hal_uart.o
 .ARM.attributes
                0x000001ac       0x39 Drivers/CMSIS/system_stm32f4xx.o
 .ARM.attributes
                0x000001e5       0x39 Application/User/gpio.o
 .ARM.attributes
                0x0000021e       0x39 Application/User/gyro.o
 .ARM.attributes
                0x00000257       0x39 Application/User/i2c.o
 .ARM.attributes
                0x00000290       0x39 Application/User/main.o
 .ARM.attributes
                0x000002c9       0x39 Application/User/stm32f4xx_hal_msp.o
 .ARM.attributes
                0x00000302       0x39 Application/User/stm32f4xx_it.o
 .ARM.attributes
                0x0000033b       0x39 Application/User/usart.o
 .ARM.attributes
                0x00000374       0x21 Application/SW4STM32/startup_stm32f407xx.o
 .ARM.attributes
                0x00000395       0x22 c:/program files/stm32/cubemx/plugins/fr.ac6.mcu.externaltools.arm-none.win32_1.3.0.201507241045/tools/compiler/bin/../lib/gcc/arm-none-eabi/4.9.3/armv7e-m/fpu\libgcc.a(_arm_addsubdf3.o)
 .ARM.attributes
                0x000003b7       0x22 c:/program files/stm32/cubemx/plugins/fr.ac6.mcu.externaltools.arm-none.win32_1.3.0.201507241045/tools/compiler/bin/../lib/gcc/arm-none-eabi/4.9.3/armv7e-m/fpu\libgcc.a(_arm_muldivdf3.o)
 .ARM.attributes
                0x000003d9       0x22 c:/program files/stm32/cubemx/plugins/fr.ac6.mcu.externaltools.arm-none.win32_1.3.0.201507241045/tools/compiler/bin/../lib/gcc/arm-none-eabi/4.9.3/armv7e-m/fpu\libgcc.a(_arm_fixdfsi.o)
 .ARM.attributes
                0x000003fb       0x34 c:/program files/stm32/cubemx/plugins/fr.ac6.mcu.externaltools.arm-none.win32_1.3.0.201507241045/tools/compiler/bin/../lib/gcc/arm-none-eabi/4.9.3/../../../../arm-none-eabi/lib/armv7e-m/fpu\libc_nano.a(lib_a-impure.o)
 .ARM.attributes
                0x0000042f       0x34 c:/program files/stm32/cubemx/plugins/fr.ac6.mcu.externaltools.arm-none.win32_1.3.0.201507241045/tools/compiler/bin/../lib/gcc/arm-none-eabi/4.9.3/../../../../arm-none-eabi/lib/armv7e-m/fpu\libc_nano.a(lib_a-init.o)
 .ARM.attributes
                0x00000463       0x34 c:/program files/stm32/cubemx/plugins/fr.ac6.mcu.externaltools.arm-none.win32_1.3.0.201507241045/tools/compiler/bin/../lib/gcc/arm-none-eabi/4.9.3/../../../../arm-none-eabi/lib/armv7e-m/fpu\libc_nano.a(lib_a-sprintf.o)
 .ARM.attributes
                0x00000497       0x34 c:/program files/stm32/cubemx/plugins/fr.ac6.mcu.externaltools.arm-none.win32_1.3.0.201507241045/tools/compiler/bin/../lib/gcc/arm-none-eabi/4.9.3/../../../../arm-none-eabi/lib/armv7e-m/fpu\libc_nano.a(lib_a-strlen.o)
 .ARM.attributes
                0x000004cb       0x34 c:/program files/stm32/cubemx/plugins/fr.ac6.mcu.externaltools.arm-none.win32_1.3.0.201507241045/tools/compiler/bin/../lib/gcc/arm-none-eabi/4.9.3/../../../../arm-none-eabi/lib/armv7e-m/fpu\libc_nano.a(lib_a-nano-svfprintf.o)
 .ARM.attributes
                0x000004ff       0x34 c:/program files/stm32/cubemx/plugins/fr.ac6.mcu.externaltools.arm-none.win32_1.3.0.201507241045/tools/compiler/bin/../lib/gcc/arm-none-eabi/4.9.3/../../../../arm-none-eabi/lib/armv7e-m/fpu\libc_nano.a(lib_a-nano-vfprintf_i.o)
 .ARM.attributes
                0x00000533       0x34 c:/program files/stm32/cubemx/plugins/fr.ac6.mcu.externaltools.arm-none.win32_1.3.0.201507241045/tools/compiler/bin/../lib/gcc/arm-none-eabi/4.9.3/../../../../arm-none-eabi/lib/armv7e-m/fpu\libc_nano.a(lib_a-memchr.o)
 .ARM.attributes
                0x00000567       0x34 c:/program files/stm32/cubemx/plugins/fr.ac6.mcu.externaltools.arm-none.win32_1.3.0.201507241045/tools/compiler/bin/../lib/gcc/arm-none-eabi/4.9.3/../../../../arm-none-eabi/lib/armv7e-m/fpu\libc_nano.a(lib_a-memcpy.o)
 .ARM.attributes
                0x0000059b       0x34 c:/program files/stm32/cubemx/plugins/fr.ac6.mcu.externaltools.arm-none.win32_1.3.0.201507241045/tools/compiler/bin/../lib/gcc/arm-none-eabi/4.9.3/../../../../arm-none-eabi/lib/armv7e-m/fpu\libc_nano.a(lib_a-memmove.o)
 .ARM.attributes
                0x000005cf       0x34 c:/program files/stm32/cubemx/plugins/fr.ac6.mcu.externaltools.arm-none.win32_1.3.0.201507241045/tools/compiler/bin/../lib/gcc/arm-none-eabi/4.9.3/../../../../arm-none-eabi/lib/armv7e-m/fpu\libc_nano.a(lib_a-nano-freer.o)
 .ARM.attributes
                0x00000603       0x34 c:/program files/stm32/cubemx/plugins/fr.ac6.mcu.externaltools.arm-none.win32_1.3.0.201507241045/tools/compiler/bin/../lib/gcc/arm-none-eabi/4.9.3/../../../../arm-none-eabi/lib/armv7e-m/fpu\libc_nano.a(lib_a-nano-mallocr.o)
 .ARM.attributes
                0x00000637       0x34 c:/program files/stm32/cubemx/plugins/fr.ac6.mcu.externaltools.arm-none.win32_1.3.0.201507241045/tools/compiler/bin/../lib/gcc/arm-none-eabi/4.9.3/../../../../arm-none-eabi/lib/armv7e-m/fpu\libc_nano.a(lib_a-nano-reallocr.o)
 .ARM.attributes
                0x0000066b       0x34 c:/program files/stm32/cubemx/plugins/fr.ac6.mcu.externaltools.arm-none.win32_1.3.0.201507241045/tools/compiler/bin/../lib/gcc/arm-none-eabi/4.9.3/../../../../arm-none-eabi/lib/armv7e-m/fpu\libc_nano.a(lib_a-sbrkr.o)
 .ARM.attributes
                0x0000069f       0x34 c:/program files/stm32/cubemx/plugins/fr.ac6.mcu.externaltools.arm-none.win32_1.3.0.201507241045/tools/compiler/bin/../lib/gcc/arm-none-eabi/4.9.3/../../../../arm-none-eabi/lib/armv7e-m/fpu\libc_nano.a(lib_a-nano-msizer.o)
 .ARM.attributes
                0x000006d3       0x34 c:/program files/stm32/cubemx/plugins/fr.ac6.mcu.externaltools.arm-none.win32_1.3.0.201507241045/tools/compiler/bin/../lib/gcc/arm-none-eabi/4.9.3/../../../../arm-none-eabi/lib/armv7e-m/fpu\libc_nano.a(lib_a-reent.o)
 .ARM.attributes
                0x00000707       0x34 c:/program files/stm32/cubemx/plugins/fr.ac6.mcu.externaltools.arm-none.win32_1.3.0.201507241045/tools/compiler/bin/../lib/gcc/arm-none-eabi/4.9.3/../../../../arm-none-eabi/lib/armv7e-m/fpu\libnosys.a(sbrk.o)
 .ARM.attributes
                0x0000073b       0x22 c:/program files/stm32/cubemx/plugins/fr.ac6.mcu.externaltools.arm-none.win32_1.3.0.201507241045/tools/compiler/bin/../lib/gcc/arm-none-eabi/4.9.3/armv7e-m/fpu/crtn.o
OUTPUT(I2C_Versuch_1 Configuration.elf elf32-littlearm)

.debug_info     0x00000000     0xbea7
 .debug_info    0x00000000      0x920 Drivers/STM32F4xx_HAL_Driver/stm32f4xx_hal.o
 .debug_info    0x00000920      0xe65 Drivers/STM32F4xx_HAL_Driver/stm32f4xx_hal_cortex.o
 .debug_info    0x00001785      0x70e Drivers/STM32F4xx_HAL_Driver/stm32f4xx_hal_gpio.o
 .debug_info    0x00001e93     0x28ce Drivers/STM32F4xx_HAL_Driver/stm32f4xx_hal_i2c.o
 .debug_info    0x00004761      0xd35 Drivers/STM32F4xx_HAL_Driver/stm32f4xx_hal_rcc.o
 .debug_info    0x00005496     0x1227 Drivers/STM32F4xx_HAL_Driver/stm32f4xx_hal_uart.o
 .debug_info    0x000066bd      0x4a9 Drivers/CMSIS/system_stm32f4xx.o
 .debug_info    0x00006b66      0x5cc Application/User/gpio.o
 .debug_info    0x00007132     0x1bbd Application/User/gyro.o
 .debug_info    0x00008cef      0x91c Application/User/i2c.o
 .debug_info    0x0000960b     0x12df Application/User/main.o
 .debug_info    0x0000a8ea      0x363 Application/User/stm32f4xx_hal_msp.o
 .debug_info    0x0000ac4d      0x591 Application/User/stm32f4xx_it.o
 .debug_info    0x0000b1de      0xbbb Application/User/usart.o
 .debug_info    0x0000bd99      0x10e Application/SW4STM32/startup_stm32f407xx.o

.debug_abbrev   0x00000000     0x1dd3
 .debug_abbrev  0x00000000      0x25b Drivers/STM32F4xx_HAL_Driver/stm32f4xx_hal.o
 .debug_abbrev  0x0000025b      0x30d Drivers/STM32F4xx_HAL_Driver/stm32f4xx_hal_cortex.o
 .debug_abbrev  0x00000568      0x1c9 Drivers/STM32F4xx_HAL_Driver/stm32f4xx_hal_gpio.o
 .debug_abbrev  0x00000731      0x2b0 Drivers/STM32F4xx_HAL_Driver/stm32f4xx_hal_i2c.o
 .debug_abbrev  0x000009e1      0x340 Drivers/STM32F4xx_HAL_Driver/stm32f4xx_hal_rcc.o
 .debug_abbrev  0x00000d21      0x2c1 Drivers/STM32F4xx_HAL_Driver/stm32f4xx_hal_uart.o
 .debug_abbrev  0x00000fe2      0x104 Drivers/CMSIS/system_stm32f4xx.o
 .debug_abbrev  0x000010e6      0x14b Application/User/gpio.o
 .debug_abbrev  0x00001231      0x326 Application/User/gyro.o
 .debug_abbrev  0x00001557      0x1be Application/User/i2c.o
 .debug_abbrev  0x00001715      0x298 Application/User/main.o
 .debug_abbrev  0x000019ad       0xd4 Application/User/stm32f4xx_hal_msp.o
 .debug_abbrev  0x00001a81      0x164 Application/User/stm32f4xx_it.o
 .debug_abbrev  0x00001be5      0x1dc Application/User/usart.o
 .debug_abbrev  0x00001dc1       0x12 Application/SW4STM32/startup_stm32f407xx.o

.debug_loc      0x00000000     0x548b
 .debug_loc     0x00000000       0x82 Drivers/STM32F4xx_HAL_Driver/stm32f4xx_hal.o
 .debug_loc     0x00000082      0x31e Drivers/STM32F4xx_HAL_Driver/stm32f4xx_hal_cortex.o
 .debug_loc     0x000003a0      0x3b7 Drivers/STM32F4xx_HAL_Driver/stm32f4xx_hal_gpio.o
 .debug_loc     0x00000757     0x2a46 Drivers/STM32F4xx_HAL_Driver/stm32f4xx_hal_i2c.o
 .debug_loc     0x0000319d      0x622 Drivers/STM32F4xx_HAL_Driver/stm32f4xx_hal_rcc.o
 .debug_loc     0x000037bf      0xe90 Drivers/STM32F4xx_HAL_Driver/stm32f4xx_hal_uart.o
 .debug_loc     0x0000464f       0xda Drivers/CMSIS/system_stm32f4xx.o
 .debug_loc     0x00004729      0xc91 Application/User/gyro.o
 .debug_loc     0x000053ba       0x4d Application/User/i2c.o
 .debug_loc     0x00005407       0x37 Application/User/main.o
 .debug_loc     0x0000543e       0x4d Application/User/usart.o

.debug_aranges  0x00000000      0x6d8
 .debug_aranges
                0x00000000       0xc0 Drivers/STM32F4xx_HAL_Driver/stm32f4xx_hal.o
 .debug_aranges
                0x000000c0       0x98 Drivers/STM32F4xx_HAL_Driver/stm32f4xx_hal_cortex.o
 .debug_aranges
                0x00000158       0x58 Drivers/STM32F4xx_HAL_Driver/stm32f4xx_hal_gpio.o
 .debug_aranges
                0x000001b0      0x190 Drivers/STM32F4xx_HAL_Driver/stm32f4xx_hal_i2c.o
 .debug_aranges
                0x00000340       0x88 Drivers/STM32F4xx_HAL_Driver/stm32f4xx_hal_rcc.o
 .debug_aranges
                0x000003c8      0x138 Drivers/STM32F4xx_HAL_Driver/stm32f4xx_hal_uart.o
 .debug_aranges
                0x00000500       0x28 Drivers/CMSIS/system_stm32f4xx.o
 .debug_aranges
                0x00000528       0x20 Application/User/gpio.o
 .debug_aranges
                0x00000548       0x90 Application/User/gyro.o
 .debug_aranges
                0x000005d8       0x30 Application/User/i2c.o
 .debug_aranges
                0x00000608       0x30 Application/User/main.o
 .debug_aranges
                0x00000638       0x20 Application/User/stm32f4xx_hal_msp.o
 .debug_aranges
                0x00000658       0x28 Application/User/stm32f4xx_it.o
 .debug_aranges
                0x00000680       0x30 Application/User/usart.o
 .debug_aranges
                0x000006b0       0x28 Application/SW4STM32/startup_stm32f407xx.o

.debug_ranges   0x00000000      0x818
 .debug_ranges  0x00000000       0xb0 Drivers/STM32F4xx_HAL_Driver/stm32f4xx_hal.o
 .debug_ranges  0x000000b0      0x120 Drivers/STM32F4xx_HAL_Driver/stm32f4xx_hal_cortex.o
 .debug_ranges  0x000001d0       0x60 Drivers/STM32F4xx_HAL_Driver/stm32f4xx_hal_gpio.o
 .debug_ranges  0x00000230      0x198 Drivers/STM32F4xx_HAL_Driver/stm32f4xx_hal_i2c.o
 .debug_ranges  0x000003c8      0x158 Drivers/STM32F4xx_HAL_Driver/stm32f4xx_hal_rcc.o
 .debug_ranges  0x00000520      0x128 Drivers/STM32F4xx_HAL_Driver/stm32f4xx_hal_uart.o
 .debug_ranges  0x00000648       0x18 Drivers/CMSIS/system_stm32f4xx.o
 .debug_ranges  0x00000660       0x58 Application/User/gpio.o
 .debug_ranges  0x000006b8       0x80 Application/User/gyro.o
 .debug_ranges  0x00000738       0x20 Application/User/i2c.o
 .debug_ranges  0x00000758       0x40 Application/User/main.o
 .debug_ranges  0x00000798       0x10 Application/User/stm32f4xx_hal_msp.o
 .debug_ranges  0x000007a8       0x18 Application/User/stm32f4xx_it.o
 .debug_ranges  0x000007c0       0x38 Application/User/usart.o
 .debug_ranges  0x000007f8       0x20 Application/SW4STM32/startup_stm32f407xx.o

.debug_macro    0x00000000    0x133fe
 .debug_macro   0x00000000      0x2c8 Drivers/STM32F4xx_HAL_Driver/stm32f4xx_hal.o
 .debug_macro   0x000002c8      0x886 Drivers/STM32F4xx_HAL_Driver/stm32f4xx_hal.o
 .debug_macro   0x00000b4e      0x1a2 Drivers/STM32F4xx_HAL_Driver/stm32f4xx_hal.o
 .debug_macro   0x00000cf0       0x2e Drivers/STM32F4xx_HAL_Driver/stm32f4xx_hal.o
 .debug_macro   0x00000d1e       0x28 Drivers/STM32F4xx_HAL_Driver/stm32f4xx_hal.o
 .debug_macro   0x00000d46       0x3b Drivers/STM32F4xx_HAL_Driver/stm32f4xx_hal.o
 .debug_macro   0x00000d81       0x22 Drivers/STM32F4xx_HAL_Driver/stm32f4xx_hal.o
 .debug_macro   0x00000da3       0x44 Drivers/STM32F4xx_HAL_Driver/stm32f4xx_hal.o
 .debug_macro   0x00000de7       0x1c Drivers/STM32F4xx_HAL_Driver/stm32f4xx_hal.o
 .debug_macro   0x00000e03      0x1f7 Drivers/STM32F4xx_HAL_Driver/stm32f4xx_hal.o
 .debug_macro   0x00000ffa       0x34 Drivers/STM32F4xx_HAL_Driver/stm32f4xx_hal.o
 .debug_macro   0x0000102e       0x26 Drivers/STM32F4xx_HAL_Driver/stm32f4xx_hal.o
 .debug_macro   0x00001054      0xe43 Drivers/STM32F4xx_HAL_Driver/stm32f4xx_hal.o
 .debug_macro   0x00001e97     0x9335 Drivers/STM32F4xx_HAL_Driver/stm32f4xx_hal.o
 .debug_macro   0x0000b1cc       0x43 Drivers/STM32F4xx_HAL_Driver/stm32f4xx_hal.o
 .debug_macro   0x0000b20f     0x3222 Drivers/STM32F4xx_HAL_Driver/stm32f4xx_hal.o
 .debug_macro   0x0000e431       0x58 Drivers/STM32F4xx_HAL_Driver/stm32f4xx_hal.o
 .debug_macro   0x0000e489       0x35 Drivers/STM32F4xx_HAL_Driver/stm32f4xx_hal.o
 .debug_macro   0x0000e4be       0x9c Drivers/STM32F4xx_HAL_Driver/stm32f4xx_hal.o
 .debug_macro   0x0000e55a       0x16 Drivers/STM32F4xx_HAL_Driver/stm32f4xx_hal.o
 .debug_macro   0x0000e570       0x97 Drivers/STM32F4xx_HAL_Driver/stm32f4xx_hal.o
 .debug_macro   0x0000e607      0x29d Drivers/STM32F4xx_HAL_Driver/stm32f4xx_hal.o
 .debug_macro   0x0000e8a4       0xef Drivers/STM32F4xx_HAL_Driver/stm32f4xx_hal.o
 .debug_macro   0x0000e993       0x10 Drivers/STM32F4xx_HAL_Driver/stm32f4xx_hal.o
 .debug_macro   0x0000e9a3       0x52 Drivers/STM32F4xx_HAL_Driver/stm32f4xx_hal.o
 .debug_macro   0x0000e9f5       0x16 Drivers/STM32F4xx_HAL_Driver/stm32f4xx_hal.o
 .debug_macro   0x0000ea0b       0x43 Drivers/STM32F4xx_HAL_Driver/stm32f4xx_hal.o
 .debug_macro   0x0000ea4e      0x180 Drivers/STM32F4xx_HAL_Driver/stm32f4xx_hal.o
 .debug_macro   0x0000ebce       0x10 Drivers/STM32F4xx_HAL_Driver/stm32f4xx_hal.o
 .debug_macro   0x0000ebde       0x22 Drivers/STM32F4xx_HAL_Driver/stm32f4xx_hal.o
 .debug_macro   0x0000ec00       0xbd Drivers/STM32F4xx_HAL_Driver/stm32f4xx_hal.o
 .debug_macro   0x0000ecbd       0x16 Drivers/STM32F4xx_HAL_Driver/stm32f4xx_hal.o
 .debug_macro   0x0000ecd3      0x196 Drivers/STM32F4xx_HAL_Driver/stm32f4xx_hal.o
 .debug_macro   0x0000ee69       0x50 Drivers/STM32F4xx_HAL_Driver/stm32f4xx_hal.o
 .debug_macro   0x0000eeb9      0x71f Drivers/STM32F4xx_HAL_Driver/stm32f4xx_hal.o
 .debug_macro   0x0000f5d8      0x8b5 Drivers/STM32F4xx_HAL_Driver/stm32f4xx_hal.o
 .debug_macro   0x0000fe8d      0x11e Drivers/STM32F4xx_HAL_Driver/stm32f4xx_hal.o
 .debug_macro   0x0000ffab      0x13e Drivers/STM32F4xx_HAL_Driver/stm32f4xx_hal.o
 .debug_macro   0x000100e9       0x27 Drivers/STM32F4xx_HAL_Driver/stm32f4xx_hal.o
 .debug_macro   0x00010110      0x272 Drivers/STM32F4xx_HAL_Driver/stm32f4xx_hal.o
 .debug_macro   0x00010382       0x5f Drivers/STM32F4xx_HAL_Driver/stm32f4xx_hal.o
 .debug_macro   0x000103e1      0x241 Drivers/STM32F4xx_HAL_Driver/stm32f4xx_hal.o
 .debug_macro   0x00010622      0x13a Drivers/STM32F4xx_HAL_Driver/stm32f4xx_hal.o
 .debug_macro   0x0001075c      0x21e Drivers/STM32F4xx_HAL_Driver/stm32f4xx_hal.o
 .debug_macro   0x0001097a       0x2e Drivers/STM32F4xx_HAL_Driver/stm32f4xx_hal.o
 .debug_macro   0x000109a8      0x17d Drivers/STM32F4xx_HAL_Driver/stm32f4xx_hal.o
 .debug_macro   0x00010b25       0x9e Drivers/STM32F4xx_HAL_Driver/stm32f4xx_hal.o
 .debug_macro   0x00010bc3      0x11e Drivers/STM32F4xx_HAL_Driver/stm32f4xx_hal.o
 .debug_macro   0x00010ce1       0x7f Drivers/STM32F4xx_HAL_Driver/stm32f4xx_hal.o
 .debug_macro   0x00010d60       0x89 Drivers/STM32F4xx_HAL_Driver/stm32f4xx_hal.o
 .debug_macro   0x00010de9      0x287 Drivers/STM32F4xx_HAL_Driver/stm32f4xx_hal.o
 .debug_macro   0x00011070      0x125 Drivers/STM32F4xx_HAL_Driver/stm32f4xx_hal.o
 .debug_macro   0x00011195      0x27a Drivers/STM32F4xx_HAL_Driver/stm32f4xx_hal_cortex.o
 .debug_macro   0x0001140f      0x2b2 Drivers/STM32F4xx_HAL_Driver/stm32f4xx_hal_gpio.o
 .debug_macro   0x000116c1      0x290 Drivers/STM32F4xx_HAL_Driver/stm32f4xx_hal_i2c.o
 .debug_macro   0x00011951      0x2a4 Drivers/STM32F4xx_HAL_Driver/stm32f4xx_hal_rcc.o
 .debug_macro   0x00011bf5      0x282 Drivers/STM32F4xx_HAL_Driver/stm32f4xx_hal_uart.o
 .debug_macro   0x00011e77      0x280 Drivers/CMSIS/system_stm32f4xx.o
 .debug_macro   0x000120f7      0x284 Application/User/gpio.o
 .debug_macro   0x0001237b      0x2a7 Application/User/gyro.o
 .debug_macro   0x00012622      0x124 Application/User/gyro.o
 .debug_macro   0x00012746      0x28e Application/User/i2c.o
 .debug_macro   0x000129d4      0x29e Application/User/main.o
 .debug_macro   0x00012c72      0x27a Application/User/stm32f4xx_hal_msp.o
 .debug_macro   0x00012eec      0x284 Application/User/stm32f4xx_it.o
 .debug_macro   0x00013170      0x28e Application/User/usart.o

.debug_line     0x00000000     0x83cd
 .debug_line    0x00000000      0x886 Drivers/STM32F4xx_HAL_Driver/stm32f4xx_hal.o
 .debug_line    0x00000886      0x8db Drivers/STM32F4xx_HAL_Driver/stm32f4xx_hal_cortex.o
 .debug_line    0x00001161      0x8bc Drivers/STM32F4xx_HAL_Driver/stm32f4xx_hal_gpio.o
 .debug_line    0x00001a1d     0x1464 Drivers/STM32F4xx_HAL_Driver/stm32f4xx_hal_i2c.o
 .debug_line    0x00002e81      0xa1f Drivers/STM32F4xx_HAL_Driver/stm32f4xx_hal_rcc.o
 .debug_line    0x000038a0      0xe94 Drivers/STM32F4xx_HAL_Driver/stm32f4xx_hal_uart.o
 .debug_line    0x00004734      0x742 Drivers/CMSIS/system_stm32f4xx.o
 .debug_line    0x00004e76      0x762 Application/User/gpio.o
 .debug_line    0x000055d8      0x944 Application/User/gyro.o
 .debug_line    0x00005f1c      0x726 Application/User/i2c.o
 .debug_line    0x00006642      0x78b Application/User/main.o
 .debug_line    0x00006dcd      0x6e6 Application/User/stm32f4xx_hal_msp.o
 .debug_line    0x000074b3      0x703 Application/User/stm32f4xx_it.o
 .debug_line    0x00007bb6      0x733 Application/User/usart.o
 .debug_line    0x000082e9       0xe4 Application/SW4STM32/startup_stm32f407xx.o

.debug_str      0x00000000    0x73687
 .debug_str     0x00000000    0x70e81 Drivers/STM32F4xx_HAL_Driver/stm32f4xx_hal.o
                              0x71204 (size before relaxing)
 .debug_str     0x00070e81      0x3d0 Drivers/STM32F4xx_HAL_Driver/stm32f4xx_hal_cortex.o
                              0x7105e (size before relaxing)
 .debug_str     0x00071251      0x31a Drivers/STM32F4xx_HAL_Driver/stm32f4xx_hal_gpio.o
                              0x70a7b (size before relaxing)
 .debug_str     0x0007156b      0xaae Drivers/STM32F4xx_HAL_Driver/stm32f4xx_hal_i2c.o
                              0x71169 (size before relaxing)
 .debug_str     0x00072019      0x3be Drivers/STM32F4xx_HAL_Driver/stm32f4xx_hal_rcc.o
                              0x70c20 (size before relaxing)
 .debug_str     0x000723d7      0x546 Drivers/STM32F4xx_HAL_Driver/stm32f4xx_hal_uart.o
                              0x70efb (size before relaxing)
 .debug_str     0x0007291d       0xbf Drivers/CMSIS/system_stm32f4xx.o
                              0x7082c (size before relaxing)
 .debug_str     0x000729dc       0x5b Application/User/gpio.o
                              0x707db (size before relaxing)
 .debug_str     0x00072a37      0x93b Application/User/gyro.o
                              0x714aa (size before relaxing)
 .debug_str     0x00073372       0x56 Application/User/i2c.o
                              0x70cbe (size before relaxing)
 .debug_str     0x000733c8      0x1a9 Application/User/main.o
                              0x711fe (size before relaxing)
 .debug_str     0x00073571       0x51 Application/User/stm32f4xx_hal_msp.o
                              0x70b68 (size before relaxing)
 .debug_str     0x000735c2       0x80 Application/User/stm32f4xx_it.o
                              0x70af9 (size before relaxing)
 .debug_str     0x00073642       0x45 Application/User/usart.o
                              0x711e2 (size before relaxing)

.comment        0x00000000       0x70
 .comment       0x00000000       0x70 Drivers/STM32F4xx_HAL_Driver/stm32f4xx_hal.o
                                 0x71 (size before relaxing)
 .comment       0x00000000       0x71 Drivers/STM32F4xx_HAL_Driver/stm32f4xx_hal_cortex.o
 .comment       0x00000000       0x71 Drivers/STM32F4xx_HAL_Driver/stm32f4xx_hal_gpio.o
 .comment       0x00000000       0x71 Drivers/STM32F4xx_HAL_Driver/stm32f4xx_hal_i2c.o
 .comment       0x00000000       0x71 Drivers/STM32F4xx_HAL_Driver/stm32f4xx_hal_rcc.o
 .comment       0x00000000       0x71 Drivers/STM32F4xx_HAL_Driver/stm32f4xx_hal_uart.o
 .comment       0x00000000       0x71 Drivers/CMSIS/system_stm32f4xx.o
 .comment       0x00000000       0x71 Application/User/gpio.o
 .comment       0x00000000       0x71 Application/User/gyro.o
 .comment       0x00000000       0x71 Application/User/i2c.o
 .comment       0x00000000       0x71 Application/User/main.o
 .comment       0x00000000       0x71 Application/User/stm32f4xx_hal_msp.o
 .comment       0x00000000       0x71 Application/User/stm32f4xx_it.o
 .comment       0x00000000       0x71 Application/User/usart.o

.debug_frame    0x00000000     0x14cc
 .debug_frame   0x00000000      0x184 Drivers/STM32F4xx_HAL_Driver/stm32f4xx_hal.o
 .debug_frame   0x00000184      0x134 Drivers/STM32F4xx_HAL_Driver/stm32f4xx_hal_cortex.o
 .debug_frame   0x000002b8       0xc4 Drivers/STM32F4xx_HAL_Driver/stm32f4xx_hal_gpio.o
 .debug_frame   0x0000037c      0x588 Drivers/STM32F4xx_HAL_Driver/stm32f4xx_hal_i2c.o
 .debug_frame   0x00000904      0x154 Drivers/STM32F4xx_HAL_Driver/stm32f4xx_hal_rcc.o
 .debug_frame   0x00000a58      0x314 Drivers/STM32F4xx_HAL_Driver/stm32f4xx_hal_uart.o
 .debug_frame   0x00000d6c       0x30 Drivers/CMSIS/system_stm32f4xx.o
 .debug_frame   0x00000d9c       0x3c Application/User/gpio.o
 .debug_frame   0x00000dd8      0x214 Application/User/gyro.o
 .debug_frame   0x00000fec       0x48 Application/User/i2c.o
 .debug_frame   0x00001034       0x64 Application/User/main.o
 .debug_frame   0x00001098       0x2c Application/User/stm32f4xx_hal_msp.o
 .debug_frame   0x000010c4       0x3c Application/User/stm32f4xx_it.o
 .debug_frame   0x00001100       0x58 Application/User/usart.o
 .debug_frame   0x00001158       0x2c c:/program files/stm32/cubemx/plugins/fr.ac6.mcu.externaltools.arm-none.win32_1.3.0.201507241045/tools/compiler/bin/../lib/gcc/arm-none-eabi/4.9.3/../../../../arm-none-eabi/lib/armv7e-m/fpu\libc_nano.a(lib_a-init.o)
 .debug_frame   0x00001184       0x70 c:/program files/stm32/cubemx/plugins/fr.ac6.mcu.externaltools.arm-none.win32_1.3.0.201507241045/tools/compiler/bin/../lib/gcc/arm-none-eabi/4.9.3/../../../../arm-none-eabi/lib/armv7e-m/fpu\libc_nano.a(lib_a-sprintf.o)
 .debug_frame   0x000011f4       0x20 c:/program files/stm32/cubemx/plugins/fr.ac6.mcu.externaltools.arm-none.win32_1.3.0.201507241045/tools/compiler/bin/../lib/gcc/arm-none-eabi/4.9.3/../../../../arm-none-eabi/lib/armv7e-m/fpu\libc_nano.a(lib_a-strlen.o)
 .debug_frame   0x00001214       0x8c c:/program files/stm32/cubemx/plugins/fr.ac6.mcu.externaltools.arm-none.win32_1.3.0.201507241045/tools/compiler/bin/../lib/gcc/arm-none-eabi/4.9.3/../../../../arm-none-eabi/lib/armv7e-m/fpu\libc_nano.a(lib_a-nano-svfprintf.o)
 .debug_frame   0x000012a0       0x58 c:/program files/stm32/cubemx/plugins/fr.ac6.mcu.externaltools.arm-none.win32_1.3.0.201507241045/tools/compiler/bin/../lib/gcc/arm-none-eabi/4.9.3/../../../../arm-none-eabi/lib/armv7e-m/fpu\libc_nano.a(lib_a-nano-vfprintf_i.o)
 .debug_frame   0x000012f8       0x28 c:/program files/stm32/cubemx/plugins/fr.ac6.mcu.externaltools.arm-none.win32_1.3.0.201507241045/tools/compiler/bin/../lib/gcc/arm-none-eabi/4.9.3/../../../../arm-none-eabi/lib/armv7e-m/fpu\libc_nano.a(lib_a-memchr.o)
 .debug_frame   0x00001320       0x28 c:/program files/stm32/cubemx/plugins/fr.ac6.mcu.externaltools.arm-none.win32_1.3.0.201507241045/tools/compiler/bin/../lib/gcc/arm-none-eabi/4.9.3/../../../../arm-none-eabi/lib/armv7e-m/fpu\libc_nano.a(lib_a-memcpy.o)
 .debug_frame   0x00001348       0x28 c:/program files/stm32/cubemx/plugins/fr.ac6.mcu.externaltools.arm-none.win32_1.3.0.201507241045/tools/compiler/bin/../lib/gcc/arm-none-eabi/4.9.3/../../../../arm-none-eabi/lib/armv7e-m/fpu\libc_nano.a(lib_a-memmove.o)
 .debug_frame   0x00001370       0x2c c:/program files/stm32/cubemx/plugins/fr.ac6.mcu.externaltools.arm-none.win32_1.3.0.201507241045/tools/compiler/bin/../lib/gcc/arm-none-eabi/4.9.3/../../../../arm-none-eabi/lib/armv7e-m/fpu\libc_nano.a(lib_a-nano-freer.o)
 .debug_frame   0x0000139c       0x2c c:/program files/stm32/cubemx/plugins/fr.ac6.mcu.externaltools.arm-none.win32_1.3.0.201507241045/tools/compiler/bin/../lib/gcc/arm-none-eabi/4.9.3/../../../../arm-none-eabi/lib/armv7e-m/fpu\libc_nano.a(lib_a-nano-mallocr.o)
 .debug_frame   0x000013c8       0x3c c:/program files/stm32/cubemx/plugins/fr.ac6.mcu.externaltools.arm-none.win32_1.3.0.201507241045/tools/compiler/bin/../lib/gcc/arm-none-eabi/4.9.3/../../../../arm-none-eabi/lib/armv7e-m/fpu\libc_nano.a(lib_a-nano-reallocr.o)
 .debug_frame   0x00001404       0x2c c:/program files/stm32/cubemx/plugins/fr.ac6.mcu.externaltools.arm-none.win32_1.3.0.201507241045/tools/compiler/bin/../lib/gcc/arm-none-eabi/4.9.3/../../../../arm-none-eabi/lib/armv7e-m/fpu\libc_nano.a(lib_a-sbrkr.o)
 .debug_frame   0x00001430       0x20 c:/program files/stm32/cubemx/plugins/fr.ac6.mcu.externaltools.arm-none.win32_1.3.0.201507241045/tools/compiler/bin/../lib/gcc/arm-none-eabi/4.9.3/../../../../arm-none-eabi/lib/armv7e-m/fpu\libc_nano.a(lib_a-nano-msizer.o)
 .debug_frame   0x00001450       0x5c c:/program files/stm32/cubemx/plugins/fr.ac6.mcu.externaltools.arm-none.win32_1.3.0.201507241045/tools/compiler/bin/../lib/gcc/arm-none-eabi/4.9.3/../../../../arm-none-eabi/lib/armv7e-m/fpu\libc_nano.a(lib_a-reent.o)
 .debug_frame   0x000014ac       0x20 c:/program files/stm32/cubemx/plugins/fr.ac6.mcu.externaltools.arm-none.win32_1.3.0.201507241045/tools/compiler/bin/../lib/gcc/arm-none-eabi/4.9.3/../../../../arm-none-eabi/lib/armv7e-m/fpu\libnosys.a(sbrk.o)
